site_id,trial_id,patient_id,race,ethnicity,sex,age,eligible,selected,identified,contacted,consented,enrolled,identified_at,contacted_at,match_score,matched_criteria,source_system,schema_version,ingested_at,load_batch_id
SITE_X,NCT01234567,125531bb74b0a864869eb3d7775ebf9fa8977cc8c988832bcab185bc99e5a53a,Black or African American,Hispanic or Latino,Female,75,1,1,1,1,0,0,2025-08-01 10:00:00+00:00,2025-08-02 11:00:00+00:00,0.82,"{""inc"":[""EGFR+""],""exc"":[""CrCl<60""]}",demo_csv,1.0.0,2025-08-24T12:23:46.757240+00:00,3c8b289f-000d-41e2-89e5-3926a9e0f221
SITE_X,NCT01234567,d8eb61e28db7d0618ac4a60de4621bd67cc4e8476526357422c11048f3daecc6,White,Hispanic or Latino,Male,50,1,0,1,0,0,0,2025-08-05 09:30:00+00:00,,0.65,"{""inc"":[""ALK+""],""exc"":[]}",demo_csv,1.0.0,2025-08-24T12:23:46.757240+00:00,3c8b289f-000d-41e2-89e5-3926a9e0f221
